// Jest Snapshot v1, https://goo.gl/fbAQLP

exports[`carts page should match snapshot 1`] = `
<div>
  <Label
    tag="label"
    widths={
      Array [
        "xs",
        "sm",
        "md",
        "lg",
        "xl",
      ]
    }
  >
    Your Shopping cart
  </Label>
  <Table
    responsiveTag="div"
    tag="table"
  >
    <thead>
      <tr>
        <th>
          Product
        </th>
        <th>
          Name
        </th>
        <th>
          Price
        </th>
        <th>
          Quantity
        </th>
      </tr>
    </thead>
    <tbody>
      <tr
        key="59d89875479ded2a718bac13"
      >
        <td>
          <a
            href="/products/59d89875479ded2a718bac13"
            target="_blank"
          >
            <Media
              className="cart-image"
              src="http://colgate.com/2/"
            />
          </a>
        </td>
        <td>
          <a
            className="cart-product-name"
            href="/products/59d89875479ded2a718bac13"
            target="_blank"
          >
            colgatewhite
          </a>
        </td>
        <td>
          <Label
            tag="label"
            widths={
              Array [
                "xs",
                "sm",
                "md",
                "lg",
                "xl",
              ]
            }
          >
            Rs.
             
            300
          </Label>
        </td>
        <td>
          <FaMinusSquare
            className="cart-minus"
            onClick={[Function]}
          />
          <Label
            className="cart-quantity-label"
            tag="label"
            widths={
              Array [
                "xs",
                "sm",
                "md",
                "lg",
                "xl",
              ]
            }
          >
            2
          </Label>
          <FaPlusSquare
            className="cart-plus"
            onClick={[Function]}
          />
        </td>
      </tr>
      <tr
        key="59d89875479ded2a718bac14"
      >
        <td>
          <a
            href="/products/59d89875479ded2a718bac14"
            target="_blank"
          >
            <Media
              className="cart-image"
              src="http://gilette.com/2/"
            />
          </a>
        </td>
        <td>
          <a
            className="cart-product-name"
            href="/products/59d89875479ded2a718bac14"
            target="_blank"
          >
            gilettemousse
          </a>
        </td>
        <td>
          <Label
            tag="label"
            widths={
              Array [
                "xs",
                "sm",
                "md",
                "lg",
                "xl",
              ]
            }
          >
            Rs.
             
            200
          </Label>
        </td>
        <td>
          <FaMinusSquare
            className="cart-minus"
            onClick={[Function]}
          />
          <Label
            className="cart-quantity-label"
            tag="label"
            widths={
              Array [
                "xs",
                "sm",
                "md",
                "lg",
                "xl",
              ]
            }
          >
            2
          </Label>
          <FaPlusSquare
            className="cart-plus"
            onClick={[Function]}
          />
        </td>
      </tr>
    </tbody>
  </Table>
  <div
    className="table-row"
  >
    <Label
      className="table-final-row"
      tag="label"
      widths={
        Array [
          "xs",
          "sm",
          "md",
          "lg",
          "xl",
        ]
      }
    >
      SubTotal: 1000
    </Label>
  </div>
</div>
`;
