// Jest Snapshot v1, https://goo.gl/fbAQLP

exports[`Item page should match snapshot 1`] = `
<a
  href=""
  onClick={[Function]}
>
  <div
    className="item-page"
  >
    <Card
      className="item-card"
      tag="div"
    >
      <CardImg
        className="item-image"
        src="http://openclipart.org/image/300px/svg_to_png/26215/Anonymous_Leaf_Rake.png"
        tag="img"
        top={true}
        width="100%"
      />
      <CardBody
        className="item-body"
        tag="div"
      >
        <CardTitle
          tag="div"
        >
          Leaf Rake
        </CardTitle>
        <CardSubtitle
          tag="div"
        >
          Rs.
          1995
        </CardSubtitle>
        <CardText
          tag="p"
        >
          Leaf rake with 48-inch wooden handle.
        </CardText>
      </CardBody>
    </Card>
  </div>
</a>
`;
